// Jest Snapshot v1, https://goo.gl/fbAQLP

exports[`BlogpostOverviewComponent should render a list of two blogposts, when there are two given 1`] = `
<blogpost-overview
  blogpostService={[Function Object]}
  blogposts$={[Function Observable]}
>
  <table
    class="table table-striped table-responsive"
  >
    <thead
      class="thead-dark"
    >
      <tr>
        <th
          scope="col"
        >
          #
        </th>
        <th
          scope="col"
        >
          data.blogpost.publicationDate.translated
        </th>
        <th
          scope="col"
        >
          data.blogpost.title.translated
        </th>
        <th
          scope="col"
        >
          data.blogpost.category.translated
        </th>
      </tr>
    </thead>
    <tbody>
      
      <tr
        blogpost-row=""
      />
      <tr
        blogpost-row=""
      />
    </tbody>
  </table>
</blogpost-overview>
`;
