// Jest Snapshot v1, https://goo.gl/fbAQLP

exports[`BlogpostOverviewComponent should render a list of blogposts 1`] = `
<blogpost-overview
  blogpostService={[Function Object]}
  blogposts$={[Function Observable]}
>
  <table
    class="table table-striped table-responsive"
  >
    <thead
      class="thead-dark"
    >
      <tr>
        <th
          scope="col"
        >
          #
        </th>
        <th
          scope="col"
        >
          data.blogpost.publicationDate.translated
        </th>
        <th
          scope="col"
        >
          data.blogpost.title.translated
        </th>
        <th
          scope="col"
        >
          data.blogpost.category.translated
        </th>
      </tr>
    </thead>
    <tbody>
      
      <tr>
        <th
          scope="row"
        >
          1
        </th>
        <td>
          <ngb-highlight
            class="blogpost-publication-date"
          >
            
            
            14 March 2020
            
          </ngb-highlight>
        </td>
        <td>
          <ngb-highlight
            class="blogpost-title"
          >
            
            
            How to be successful
            
          </ngb-highlight>
          <a
            class="ml-1"
            href="http://www.how.to.be.succesful.com"
            target="_blank"
          >
            <i
              class="fa fa-external-link"
            />
          </a>
        </td>
        <td>
          <ngb-highlight
            class="blogpost-category"
          >
            
            
            life
            
          </ngb-highlight>
        </td>
      </tr>
      <tr>
        <th
          scope="row"
        >
          2
        </th>
        <td>
          <ngb-highlight
            class="blogpost-publication-date"
          >
            
            
            14 March 2020
            
          </ngb-highlight>
        </td>
        <td>
          <ngb-highlight
            class="blogpost-title"
          >
            
            
            How to succeed at programming
            
          </ngb-highlight>
          <a
            class="ml-1"
            href="http://www.how.to.succeed.at.programming.com"
            target="_blank"
          >
            <i
              class="fa fa-external-link"
            />
          </a>
        </td>
        <td>
          <ngb-highlight
            class="blogpost-category"
          >
            
            
            programming
            
          </ngb-highlight>
        </td>
      </tr>
    </tbody>
  </table>
</blogpost-overview>
`;
