// Jest Snapshot v1, https://goo.gl/fbAQLP

exports[`NavOptionsComponent should render 1`] = `
<app-nav-options
  navigated={[Function EventEmitter]}
  navigationOptions={[Function Array]}
  router={[Function Router]}
>
  <ul
    class="navbar-nav"
  >
    
    
    <li
      class="nav-item active"
    >
      <a
        class="nav-link navigation"
        data-navigation-option="website.home"
        href="/"
      >
        website.home.translated
      </a>
    </li>
    
    <li
      class="nav-item"
    >
      <a
        class="nav-link navigation"
        data-navigation-option="website.vision"
        href="/vision"
      >
        website.vision.translated
      </a>
    </li>
    
    <li
      class="nav-item"
    >
      <a
        class="nav-link navigation"
        data-navigation-option="website.cv"
        href="/cv"
      >
        website.cv.translated
      </a>
    </li>
    
    <li
      class="nav-item"
    >
      <a
        class="nav-link navigation"
        data-navigation-option="website.projects"
        href="/projects"
      >
        website.projects.translated
      </a>
    </li>
    
    <li
      class="nav-item"
    >
      <a
        class="nav-link navigation"
        data-navigation-option="website.blogposts"
        href="/blogposts"
      >
        website.blogposts.translated
      </a>
    </li>
    
    <li
      class="nav-item"
    >
      <a
        class="nav-link navigation"
        data-navigation-option="website.data"
        href="/data"
      >
        website.data.translated
      </a>
    </li>
  </ul>
</app-nav-options>
`;
