// Jest Snapshot v1, https://goo.gl/fbAQLP

exports[`ChangeLanguageButtonComponent should render the button 1`] = `
<app-change-language-button
  language={[Function String]}
  languageService={[Function Object]}
>
  <button
    class="dropdown-item changeLanguage"
    data-change-language-button=""
  >
    EN
  </button>
</app-change-language-button>
`;
